Program {
    declarations: [
        Verb(
            VerbDecl {
                is_open: false,
                metadata: [],
                name: "transfer",
                generic_parameters: [],
                params: [
                    Param {
                        role: Erg,
                        name: "target",
                        dispatch: Static,
                        ty: TypeName {
                            name: "File",
                            arguments: [],
                            span: SourceSpan {
                                start: 26,
                                end: 30,
                            },
                        },
                        span: SourceSpan {
                            start: 14,
                            end: 30,
                        },
                    },
                    Param {
                        role: Abs,
                        name: "packet",
                        dispatch: Static,
                        ty: TypeName {
                            name: "Buffer",
                            arguments: [],
                            span: SourceSpan {
                                start: 44,
                                end: 50,
                            },
                        },
                        span: SourceSpan {
                            start: 32,
                            end: 50,
                        },
                    },
                    Param {
                        role: Dat,
                        name: "logger",
                        dispatch: Static,
                        ty: TypeName {
                            name: "Logger",
                            arguments: [],
                            span: SourceSpan {
                                start: 64,
                                end: 70,
                            },
                        },
                        span: SourceSpan {
                            start: 52,
                            end: 70,
                        },
                    },
                ],
                return_type: Some(
                    ReturnType {
                        access: Owned,
                        ty: TypeName {
                            name: "Int",
                            arguments: [],
                            span: SourceSpan {
                                start: 75,
                                end: 78,
                            },
                        },
                        span: SourceSpan {
                            start: 72,
                            end: 78,
                        },
                    },
                ),
                body: Block {
                    statements: [
                        Return {
                            value: Some(
                                Identifier {
                                    name: "target",
                                    span: SourceSpan {
                                        start: 92,
                                        end: 98,
                                    },
                                },
                            ),
                            span: SourceSpan {
                                start: 85,
                                end: 99,
                            },
                        },
                    ],
                    span: SourceSpan {
                        start: 79,
                        end: 101,
                    },
                },
                span: SourceSpan {
                    start: 0,
                    end: 101,
                },
            },
        ),
    ],
}
